ASxxxx Linker V03.00 + NoICE + sdld,  page 1.
Hexadecimal  [32-Bits]

Area                                    Addr        Size        Decimal Bytes (Attributes)
--------------------------------        ----        ----        ------- ----- ------------
CABS                                00000000    00000000 =           0. bytes (ABS,CON,CODE)

      Value  Global                              Global Defined In Module
      -----  --------------------------------   ------------------------
C:   00000000  l_BIT_BANK                      
C:   00000000  l_BSEG                          
C:   00000000  l_BSEG_BYTES                    
C:   00000000  l_CABS                          
C:   00000000  l_GSINIT                        
C:   00000000  l_GSINIT1                       
C:   00000000  l_GSINIT5                       
C:   00000000  l_IABS                          
C:   00000000  l_ISEG                          
C:   00000000  l_PSEG                          
C:   00000000  l_REG_BANK_1                    
C:   00000000  l_REG_BANK_2                    
C:   00000000  l_REG_BANK_3                    
C:   00000000  l_RSEG                          
C:   00000000  l_RSEG0                         
C:   00000000  l_RSEG1                         
C:   00000000  l_XABS                          
C:   00000000  l_XINIT                         
C:   00000000  l_XISEG                         
C:   00000000  l__CODE                         
C:   00000000  s_BSEG                          
C:   00000000  s_CABS                          
C:   00000000  s_DSEG                          
C:   00000000  s_HOME                          
C:   00000000  s_IABS                          
C:   00000000  s_ISEG                          
C:   00000000  s_REG_BANK_0                    
C:   00000000  s_RSEG                          
C:   00000000  s_RSEG0                         
C:   00000000  s_RSEG1                         
C:   00000000  s_XABS                          
C:   00000001  s_PSEG                          
C:   00000001  s_XSEG                          
C:   00000002  l_CONST                         
C:   00000003  l_GSFINAL                       
C:   00000003  l_GSINIT0                       
C:   00000008  l_REG_BANK_0                    
C:   00000008  s_REG_BANK_1                    
C:   0000000A  l_GSINIT2                       
C:   00000010  l_OSEG                          
C:   00000010  s_REG_BANK_2                    
C:   00000018  s_BIT_BANK                      
C:   00000018  s_REG_BANK_3                    
C:   00000019  l_HOME                          
C:   00000019  s_GSINIT0                       
C:   0000001C  s_GSINIT1                       
C:   0000001C  s_GSINIT2                       
C:   0000001C  s_OSEG                          
C:   00000020  s_BSEG_BYTES                    
C:   00000020  s__CODE                         
ASxxxx Linker V03.00 + NoICE + sdld,  page 2.
Hexadecimal  [32-Bits]

Area                                    Addr        Size        Decimal Bytes (Attributes)
--------------------------------        ----        ----        ------- ----- ------------
CABS                                00000000    00000000 =           0. bytes (ABS,CON,CODE)

      Value  Global                              Global Defined In Module
      -----  --------------------------------   ------------------------
C:   00000022  l_GSINIT3                       
C:   00000026  s_GSINIT3                       
C:   0000002A  l_GSINIT4                       
C:   0000002C  s_SSEG                          
C:   00000048  s_GSINIT4                       
C:   00000072  s_GSFINAL                       
C:   00000072  s_GSINIT                        
C:   00000072  s_GSINIT5                       
C:   00000075  s_CSEG                          
C:   00000080  l_DSEG                          
C:   000000D4  l_SSEG                          
C:   00000100  l_IRAM                          
C:   00000402  l_XSEG                          
C:   00000403  s_XISEG                         
C:   00000D85  l_CSEG                          
C:   00000DFA  s_CONST                         
C:   00000DFC  s_XINIT                         

ASxxxx Linker V03.00 + NoICE + sdld,  page 3.
Hexadecimal  [32-Bits]

Area                                    Addr        Size        Decimal Bytes (Attributes)
--------------------------------        ----        ----        ------- ----- ------------
.  .ABS.                            00000000    00000000 =           0. bytes (ABS,CON)

      Value  Global                              Global Defined In Module
      -----  --------------------------------   ------------------------
     00000000  .__.ABS.                           _startup
     00000080  _P0                                uart
     00000080  _P0_0                              uart
     00000081  _P0_1                              uart
     00000081  _SP                                uart
     00000082  _DPL0                              uart
     00000082  _P0_2                              uart
     00000083  _DPH0                              uart
     00000083  _P0_3                              uart
     00000084  _DPL1                              uart
     00000084  _P0_4                              uart
     00000085  _DPH1                              uart
     00000085  _P0_5                              uart
     00000086  _P0_6                              uart
     00000086  _U0CSR                             uart
     00000087  _P0_7                              uart
     00000087  _PCON                              uart
     00000088  _IT0                               uart
     00000088  _TCON                              uart
     00000089  _P0IFG                             uart
     00000089  _RFTXRXIF                          uart
     0000008A  _IT1                               uart
     0000008A  _P1IFG                             uart
     0000008B  _P2IFG                             uart
     0000008B  _URX0IF                            uart
     0000008C  _PICTL                             uart
     0000008D  _ADCIF                             uart
     0000008D  _P1IEN                             uart
     0000008E  __SFR8E                            uart
     0000008F  _P0INP                             uart
     0000008F  _URX1IF                            uart
     00000090  _P1                                uart
     00000090  _P1_0                              uart
     00000091  _P1_1                              uart
     00000091  _RFIM                              uart
     00000092  _DPS                               uart
     00000092  _P1_2                              uart
     00000093  _MPAGE                             uart
     00000093  _P1_3                              uart
     00000093  __XPAGE                            uart
     00000094  _P1_4                              uart
     00000094  __SFR94                            uart
     00000095  _P1_5                              uart
     00000095  __SFR95                            uart
     00000096  _P1_6                              uart
     00000096  __SFR96                            uart
     00000097  _P1_7                              uart
     00000097  __SFR97                            uart
     00000098  _ENCIF_0                           uart
     00000098  _S0CON                             uart
ASxxxx Linker V03.00 + NoICE + sdld,  page 4.
Hexadecimal  [32-Bits]

Area                                    Addr        Size        Decimal Bytes (Attributes)
--------------------------------        ----        ----        ------- ----- ------------
.  .ABS.                            00000000    00000000 =           0. bytes (ABS,CON)

      Value  Global                              Global Defined In Module
      -----  --------------------------------   ------------------------
     00000099  _ENCIF_1                           uart
     00000099  __SFR99                            uart
     0000009A  _IEN2                              uart
     0000009B  _S1CON                             uart
     0000009C  _T2CT                              uart
     0000009D  _T2PR                              uart
     0000009E  _T2CTL                             uart
     0000009F  __SFR9F                            uart
     000000A0  _P2                                uart
     000000A0  _P2_0                              uart
     000000A1  _P2_1                              uart
     000000A1  _WORIRQ                            uart
     000000A2  _P2_2                              uart
     000000A2  _WORCTRL                           uart
     000000A3  _P2_3                              uart
     000000A3  _WOREVT0                           uart
     000000A4  _P2_4                              uart
     000000A4  _WOREVT1                           uart
     000000A5  _P2_5                              uart
     000000A5  _WORTIME0                          uart
     000000A6  _P2_6                              uart
     000000A6  _WORTIME1                          uart
     000000A7  _P2_7                              uart
     000000A7  __SFRA7                            uart
     000000A8  _IEN0                              uart
     000000A8  _RFTXRXIE                          uart
     000000A9  _ADCIE                             uart
     000000A9  _IP0                               uart
     000000AA  _URX0IE                            uart
     000000AA  __SFRAA                            uart
     000000AB  _FWT                               uart
     000000AB  _URX1IE                            uart
     000000AC  _ENCIE                             uart
     000000AC  _FADDRL                            uart
     000000AD  _FADDRH                            uart
     000000AD  _STIE                              uart
     000000AE  _FCTL                              uart
     000000AF  _EA                                uart
     000000AF  _FWDATA                            uart
     000000B0  __SFRB0                            uart
     000000B1  _ENCDI                             uart
     000000B2  _ENCDO                             uart
     000000B3  _ENCCS                             uart
     000000B4  _ADCCON1                           uart
     000000B5  _ADCCON2                           uart
     000000B6  _ADCCON3                           uart
     000000B7  __SFRB7                            uart
     000000B8  _DMAIE                             uart
     000000B8  _IEN1                              uart
     000000B9  _IP1                               uart
     000000B9  _T1IE                              uart
ASxxxx Linker V03.00 + NoICE + sdld,  page 5.
Hexadecimal  [32-Bits]

Area                                    Addr        Size        Decimal Bytes (Attributes)
--------------------------------        ----        ----        ------- ----- ------------
.  .ABS.                            00000000    00000000 =           0. bytes (ABS,CON)

      Value  Global                              Global Defined In Module
      -----  --------------------------------   ------------------------
     000000BA  _ADCL                              uart
     000000BA  _T2IE                              uart
     000000BB  _ADCH                              uart
     000000BB  _T3IE                              uart
     000000BC  _RNDL                              uart
     000000BC  _T4IE                              uart
     000000BD  _P0IE                              uart
     000000BD  _RNDH                              uart
     000000BE  _SLEEP                             uart
     000000BF  __SFRBF                            uart
     000000C0  _DMAIF                             uart
     000000C0  _IRCON                             uart
     000000C1  _T1IF                              uart
     000000C1  _U0DBUF                            uart
     000000C2  _T2IF                              uart
     000000C2  _U0BAUD                            uart
     000000C3  _T3IF                              uart
     000000C3  __SFRC3                            uart
     000000C4  _T4IF                              uart
     000000C4  _U0UCR                             uart
     000000C5  _P0IF                              uart
     000000C5  _U0GCR                             uart
     000000C6  _CLKCON                            uart
     000000C7  _MEMCTR                            uart
     000000C7  _STIF                              uart
     000000C8  __SFRC8                            uart
     000000C9  _WDCTL                             uart
     000000CA  _T3CNT                             uart
     000000CB  _T3CTL                             uart
     000000CC  _T3CCTL0                           uart
     000000CD  _T3CC0                             uart
     000000CE  _T3CCTL1                           uart
     000000CF  _T3CC1                             uart
     000000D0  _P                                 uart
     000000D0  _PSW                               uart
     000000D1  _DMAIRQ                            uart
     000000D1  _F1                                uart
     000000D2  _DMA1CFGL                          uart
     000000D2  _OV                                uart
     000000D3  _DMA1CFGH                          uart
     000000D3  _RS0                               uart
     000000D4  _DMA0CFGL                          uart
     000000D4  _RS1                               uart
     000000D5  _DMA0CFGH                          uart
     000000D5  _F0                                uart
     000000D6  _AC                                uart
     000000D6  _DMAARM                            uart
     000000D7  _CY                                uart
     000000D7  _DMAREQ                            uart
     000000D8  _T3OVFIF                           uart
     000000D8  _TIMIF                             uart
ASxxxx Linker V03.00 + NoICE + sdld,  page 6.
Hexadecimal  [32-Bits]

Area                                    Addr        Size        Decimal Bytes (Attributes)
--------------------------------        ----        ----        ------- ----- ------------
.  .ABS.                            00000000    00000000 =           0. bytes (ABS,CON)

      Value  Global                              Global Defined In Module
      -----  --------------------------------   ------------------------
     000000D9  _RFD                               uart
     000000D9  _T3CH0IF                           uart
     000000DA  _T1CC0L                            uart
     000000DA  _T3CH1IF                           uart
     000000DB  _T1CC0H                            uart
     000000DB  _T4OVFIF                           uart
     000000DC  _T1CC1L                            uart
     000000DC  _T4CH0IF                           uart
     000000DD  _T1CC1H                            uart
     000000DD  _T4CH1IF                           uart
     000000DE  _OVFIM                             uart
     000000DE  _T1CC2L                            uart
     000000DF  _T1CC2H                            uart
     000000E0  _ACC                               uart
     000000E0  _ACC_0                             uart
     000000E1  _ACC_1                             uart
     000000E1  _RFST                              uart
     000000E2  _ACC_2                             uart
     000000E2  _T1CNTL                            uart
     000000E3  _ACC_3                             uart
     000000E3  _T1CNTH                            uart
     000000E4  _ACC_4                             uart
     000000E4  _T1CTL                             uart
     000000E5  _ACC_5                             uart
     000000E5  _T1CCTL0                           uart
     000000E6  _ACC_6                             uart
     000000E6  _T1CCTL1                           uart
     000000E7  _ACC_7                             uart
     000000E7  _T1CCTL2                           uart
     000000E8  _IRCON2                            uart
     000000E8  _P2IF                              uart
     000000E9  _RFIF                              uart
     000000E9  _UTX0IF                            uart
     000000EA  _T4CNT                             uart
     000000EA  _UTX1IF                            uart
     000000EB  _P1IF                              uart
     000000EB  _T4CTL                             uart
     000000EC  _T4CCTL0                           uart
     000000EC  _WDTIF                             uart
     000000ED  _T4CC0                             uart
     000000EE  _T4CCTL1                           uart
     000000EF  _T4CC1                             uart
     000000F0  _B                                 uart
     000000F0  _B_0                               uart
     000000F1  _B_1                               uart
     000000F1  _PERCFG                            uart
     000000F2  _ADCCFG                            uart
     000000F2  _B_2                               uart
     000000F3  _B_3                               uart
     000000F3  _P0SEL                             uart
     000000F4  _B_4                               uart
ASxxxx Linker V03.00 + NoICE + sdld,  page 7.
Hexadecimal  [32-Bits]

Area                                    Addr        Size        Decimal Bytes (Attributes)
--------------------------------        ----        ----        ------- ----- ------------
.  .ABS.                            00000000    00000000 =           0. bytes (ABS,CON)

      Value  Global                              Global Defined In Module
      -----  --------------------------------   ------------------------
     000000F4  _P1SEL                             uart
     000000F5  _B_5                               _gptrget
     000000F5  _P2SEL                             uart
     000000F6  _B_6                               _gptrget
     000000F6  _P1INP                             uart
     000000F7  _B_7                               _gptrget
     000000F7  _P2INP                             uart
     000000F8  _ACTIVE                            uart
     000000F8  _U1CSR                             uart
     000000F9  _TX_BYTE                           uart
     000000F9  _U1DBUF                            uart
     000000FA  _RX_BYTE                           uart
     000000FA  _U1BAUD                            uart
     000000FB  _ERR                               uart
     000000FB  _U1UCR                             uart
     000000FC  _FE                                uart
     000000FC  _U1GCR                             uart
     000000FD  _P0DIR                             uart
     000000FD  _SLAVE                             uart
     000000FE  _P1DIR                             uart
     000000FE  _RE                                uart
     000000FF  _MODE                              uart
     000000FF  _P2DIR                             uart
     0000DF00  _SYNC1                             uart
     0000DF01  _SYNC0                             uart
     0000DF02  _MDMCTRL0H                         uart
     0000DF02  _PKTLEN                            uart
     0000DF03  _PKTCTRL1                          uart
     0000DF04  _PKTCTRL0                          uart
     0000DF05  _ADDR                              uart
     0000DF06  _CHANNR                            uart
     0000DF07  _FSCTRL1                           uart
     0000DF08  _FSCTRL0                           uart
     0000DF09  _FREQ2                             uart
     0000DF0A  _FREQ1                             uart
     0000DF0B  _FREQ0                             uart
     0000DF0C  _MDMCFG4                           uart
     0000DF0D  _MDMCFG3                           uart
     0000DF0E  _MDMCFG2                           uart
     0000DF0F  _MDMCFG1                           uart
     0000DF10  _MDMCFG0                           uart
     0000DF11  _DEVIATN                           uart
     0000DF12  _MCSM2                             uart
     0000DF13  _MCSM1                             uart
     0000DF14  _MCSM0                             uart
     0000DF15  _FOCCFG                            uart
     0000DF16  _BSCFG                             uart
     0000DF17  _AGCCTRL2                          uart
     0000DF18  _AGCCTRL1                          uart
     0000DF19  _AGCCTRL0                          uart
     0000DF1A  _FREND1                            uart
ASxxxx Linker V03.00 + NoICE + sdld,  page 8.
Hexadecimal  [32-Bits]

Area                                    Addr        Size        Decimal Bytes (Attributes)
--------------------------------        ----        ----        ------- ----- ------------
.  .ABS.                            00000000    00000000 =           0. bytes (ABS,CON)

      Value  Global                              Global Defined In Module
      -----  --------------------------------   ------------------------
     0000DF1B  _FREND0                            uart
     0000DF1C  _FSCAL3                            uart
     0000DF1D  _FSCAL2                            uart
     0000DF1E  _FSCAL1                            uart
     0000DF1F  _FSCAL0                            uart
     0000DF20  __XREGDF20                         uart
     0000DF21  __XREGDF21                         uart
     0000DF22  __XREGDF22                         uart
     0000DF23  _TEST2                             uart
     0000DF24  _TEST1                             uart
     0000DF25  _TEST0                             uart
     0000DF26  __XREGDF26                         uart
     0000DF27  _PA_TABLE7                         uart
     0000DF28  _PA_TABLE6                         uart
     0000DF29  _PA_TABLE5                         uart
     0000DF2A  _PA_TABLE4                         uart
     0000DF2B  _PA_TABLE3                         uart
     0000DF2C  _PA_TABLE2                         uart
     0000DF2D  _PA_TABLE1                         uart
     0000DF2E  _PA_TABLE0                         uart
     0000DF2F  _IOCFG2                            uart
     0000DF30  _IOCFG1                            uart
     0000DF31  _IOCFG0                            uart
     0000DF32  __XREGDF32                         uart
     0000DF33  __XREGDF33                         uart
     0000DF34  __XREGDF34                         uart
     0000DF35  __XREGDF35                         uart
     0000DF36  _PARTNUM                           uart
     0000DF37  _VERSION                           uart
     0000DF38  _FREQEST                           uart
     0000DF39  _LQI                               uart
     0000DF3A  _RSSI                              uart
     0000DF3B  _MARCSTATE                         uart
     0000DF3C  _PKTSTATUS                         uart
     0000DF3D  _VCO_VC_DAC                        uart
     0000DF40  _I2SCFG0                           uart
     0000DF41  _I2SCFG1                           uart
     0000DF42  _I2SDATL                           uart
     0000DF43  _I2SDATH                           uart
     0000DF44  _I2SWCNT                           uart
     0000DF45  _I2SSTAT                           uart
     0000DF46  _I2SCLKF0                          uart
     0000DF47  _I2SCLKF1                          uart
     0000DF48  _I2SCLKF2                          uart
     0000DF80  __NA_P0                            uart
     0000DF81  __NA_SP                            uart
     0000DF82  __NA_DPL0                          uart
     0000DF83  __NA_DPH0                          uart
     0000DF84  __NA_DPL1                          uart
     0000DF85  __NA_DPH1                          uart
     0000DF86  _X_U0CSR                           uart
ASxxxx Linker V03.00 + NoICE + sdld,  page 9.
Hexadecimal  [32-Bits]

Area                                    Addr        Size        Decimal Bytes (Attributes)
--------------------------------        ----        ----        ------- ----- ------------
.  .ABS.                            00000000    00000000 =           0. bytes (ABS,CON)

      Value  Global                              Global Defined In Module
      -----  --------------------------------   ------------------------
     0000DF87  __NA_PCON                          uart
     0000DF88  __NA_TCON                          uart
     0000DF89  _X_P0IFG                           uart
     0000DF8A  _X_P1IFG                           uart
     0000DF8B  _X_P2IFG                           uart
     0000DF8C  _X_PICTL                           uart
     0000DF8D  _X_P1IEN                           uart
     0000DF8E  __X_SFR8E                          uart
     0000DF8F  _X_P0INP                           uart
     0000DF90  __NA_P1                            uart
     0000DF91  _X_RFIM                            uart
     0000DF92  __NA_DPS                           uart
     0000DF93  _X_MPAGE                           uart
     0000DF94  __X_SFR94                          uart
     0000DF95  __X_SFR95                          uart
     0000DF96  __X_SFR96                          uart
     0000DF97  __X_SFR97                          uart
     0000DF98  __NA_S0CON                         uart
     0000DF99  __X_SFR99                          uart
     0000DF9A  __NA_IEN2                          uart
     0000DF9B  __NA_S1CON                         uart
     0000DF9C  _X_T2CT                            uart
     0000DF9D  _X_T2PR                            uart
     0000DF9E  _X_T2CTL                           uart
     0000DF9F  __X_SFR9F                          uart
     0000DFA0  __NA_P2                            uart
     0000DFA1  _X_WORIRQ                          uart
     0000DFA2  _X_WORCTRL                         uart
     0000DFA3  _X_WOREVT0                         uart
     0000DFA4  _X_WOREVT1                         uart
     0000DFA5  _X_WORTIME0                        uart
     0000DFA6  _X_WORTIME1                        uart
     0000DFA7  __X_SFRA7                          uart
     0000DFA8  __NA_IEN0                          uart
     0000DFA9  __NA_IP0                           uart
     0000DFAA  __X_SFRAA                          uart
     0000DFAB  _X_FWT                             uart
     0000DFAC  _X_FADDRL                          uart
     0000DFAD  _X_FADDRH                          uart
     0000DFAE  _X_FCTL                            uart
     0000DFAF  _X_FWDATA                          uart
     0000DFB0  __X_SFRB0                          uart
     0000DFB1  _X_ENCDI                           uart
     0000DFB2  _X_ENCDO                           uart
     0000DFB3  _X_ENCCS                           uart
     0000DFB4  _X_ADCCON1                         uart
     0000DFB5  _X_ADCCON2                         uart
     0000DFB6  _X_ADCCON3                         uart
     0000DFB7  __X_SFRB7                          uart
     0000DFB8  __NA_IEN1                          uart
     0000DFB9  __NA_IP1                           uart
ASxxxx Linker V03.00 + NoICE + sdld,  page 10.
Hexadecimal  [32-Bits]

Area                                    Addr        Size        Decimal Bytes (Attributes)
--------------------------------        ----        ----        ------- ----- ------------
.  .ABS.                            00000000    00000000 =           0. bytes (ABS,CON)

      Value  Global                              Global Defined In Module
      -----  --------------------------------   ------------------------
     0000DFBA  _X_ADCL                            uart
     0000DFBB  _X_ADCH                            uart
     0000DFBC  _X_RNDL                            uart
     0000DFBD  _X_RNDH                            uart
     0000DFBE  _X_SLEEP                           uart
     0000DFBF  __X_SFRBF                          uart
     0000DFC0  __NA_IRCON                         uart
     0000DFC1  _X_U0DBUF                          uart
     0000DFC2  _X_U0BAUD                          uart
     0000DFC3  __X_SFRC3                          uart
     0000DFC4  _X_U0UCR                           uart
     0000DFC5  _X_U0GCR                           uart
     0000DFC6  _X_CLKCON                          uart
     0000DFC7  _X_MEMCTR                          uart
     0000DFC8  __X_SFRC8                          uart
     0000DFC9  _X_WDCTL                           uart
     0000DFCA  _X_T3CNT                           uart
     0000DFCB  _X_T3CTL                           uart
     0000DFCC  _X_T3CCTL0                         uart
     0000DFCD  _X_T3CC0                           uart
     0000DFCE  _X_T3CCTL1                         uart
     0000DFCF  _X_T3CC1                           uart
     0000DFD0  __NA_PSW                           uart
     0000DFD1  _X_DMAIRQ                          uart
     0000DFD2  _X_DMA1CFGL                        uart
     0000DFD3  _X_DMA1CFGH                        uart
     0000DFD4  _X_DMA0CFGL                        uart
     0000DFD5  _X_DMA0CFGH                        uart
     0000DFD6  _X_DMAARM                          uart
     0000DFD7  _X_DMAREQ                          uart
     0000DFD8  _X_TIMIF                           uart
     0000DFD9  _X_RFD                             uart
     0000DFDA  _X_T1CC0L                          uart
     0000DFDB  _X_T1CC0H                          uart
     0000DFDC  _X_T1CC1L                          uart
     0000DFDD  _X_T1CC1H                          uart
     0000DFDE  _X_T1CC2L                          uart
     0000DFDF  _X_T1CC2H                          uart
     0000DFE0  __NA_ACC                           uart
     0000DFE1  _X_RFST                            uart
     0000DFE2  _X_T1CNTL                          uart
     0000DFE3  _X_T1CNTH                          uart
     0000DFE4  _X_T1CTL                           uart
     0000DFE5  _X_T1CCTL0                         uart
     0000DFE6  _X_T1CCTL1                         uart
     0000DFE7  _X_T1CCTL2                         uart
     0000DFE8  __NA_IRCON2                        uart
     0000DFE9  _X_RFIF                            uart
     0000DFEA  _X_T4CNT                           uart
     0000DFEB  _X_T4CTL                           uart
     0000DFEC  _X_T4CCTL0                         uart
ASxxxx Linker V03.00 + NoICE + sdld,  page 11.
Hexadecimal  [32-Bits]

Area                                    Addr        Size        Decimal Bytes (Attributes)
--------------------------------        ----        ----        ------- ----- ------------
.  .ABS.                            00000000    00000000 =           0. bytes (ABS,CON)

      Value  Global                              Global Defined In Module
      -----  --------------------------------   ------------------------
     0000DFED  _X_T4CC0                           uart
     0000DFEE  _X_T4CCTL1                         uart
     0000DFEF  _X_T4CC1                           uart
     0000DFF0  __NA_B                             uart
     0000DFF1  _X_PERCFG                          uart
     0000DFF2  _X_ADCCFG                          uart
     0000DFF3  _X_P0SEL                           uart
     0000DFF4  _X_P1SEL                           uart
     0000DFF5  _X_P2SEL                           uart
     0000DFF6  _X_P1INP                           uart
     0000DFF7  _X_P2INP                           uart
     0000DFF8  _X_U1CSR                           uart
     0000DFF9  _X_U1DBUF                          uart
     0000DFFA  _X_U1BAUD                          uart
     0000DFFB  _X_U1UCR                           uart
     0000DFFC  _X_U1GCR                           uart
     0000DFFD  _X_P0DIR                           uart
     0000DFFE  _X_P1DIR                           uart
     0000DFFF  _X_P2DIR                           uart
     0000F000  _uartRxBuffer                      Radio
     0000F113  _uartTxBuffer                      Radio
     0000F226  _uartRxIndex                       Radio
     0000F227  _uartTxIndex                       Radio
     0000F228  _uartDmaRxTxCh                     Radio
     0000F237  _uartProtConfig                    Radio
ASxxxx Linker V03.00 + NoICE + sdld,  page 12.
Hexadecimal  [32-Bits]

Area                                    Addr        Size        Decimal Bytes (Attributes)
--------------------------------        ----        ----        ------- ----- ------------
REG_BANK_0                          00000000    00000008 =           8. bytes (REL,OVR)

      Value  Global                              Global Defined In Module
      -----  --------------------------------   ------------------------
ASxxxx Linker V03.00 + NoICE + sdld,  page 13.
Hexadecimal  [32-Bits]

Area                                    Addr        Size        Decimal Bytes (Attributes)
--------------------------------        ----        ----        ------- ----- ------------
DSEG                                00000000    00000080 =         128. bytes (REL,CON)

      Value  Global                              Global Defined In Module
      -----  --------------------------------   ------------------------
ASxxxx Linker V03.00 + NoICE + sdld,  page 14.
Hexadecimal  [32-Bits]

Area                                    Addr        Size        Decimal Bytes (Attributes)
--------------------------------        ----        ----        ------- ----- ------------
OSEG                                0000001C    00000010 =          16. bytes (REL,OVR)

      Value  Global                              Global Defined In Module
      -----  --------------------------------   ------------------------
     0000001C  __gptrput_PARM_2                   _gptrput
     0000001C  _memcpy_PARM_2                     _memcpy
     0000001C  _uartInitBitrate_PARM_2            uart
     0000001C  _uartMapPort_PARM_2                uart
     0000001C  _uartStartRxDmaChan_PARM_2         dma
     0000001C  _uartStartTxDmaChan_PARM_2         dma
     0000001F  _memcpy_PARM_3                     _memcpy
     0000001F  _uartStartRxDmaChan_PARM_3         dma
     0000001F  _uartStartTxDmaChan_PARM_3         dma
     00000020  _uartStartRxDmaChan_PARM_4         dma
     00000020  _uartStartTxDmaChan_PARM_4         dma
     00000023  _uartStartRxDmaChan_PARM_5         dma
     00000023  _uartStartTxDmaChan_PARM_5         dma

ASxxxx Linker V03.00 + NoICE + sdld,  page 15.
Hexadecimal  [32-Bits]

Area                                    Addr        Size        Decimal Bytes (Attributes)
--------------------------------        ----        ----        ------- ----- ------------
SSEG                                0000002C    000000D4 =         212. bytes (REL,OVR)

      Value  Global                              Global Defined In Module
      -----  --------------------------------   ------------------------
     0000002C  __start__stack                     Radio

ASxxxx Linker V03.00 + NoICE + sdld,  page 16.
Hexadecimal  [32-Bits]

Area                                    Addr        Size        Decimal Bytes (Attributes)
--------------------------------        ----        ----        ------- ----- ------------
XSEG                                00000001    00000402 =        1026. bytes (REL,CON,XDATA)

      Value  Global                              Global Defined In Module
      -----  --------------------------------   ------------------------
D:   00000001  ___sdcc_heap                       _heap
D:   00000401  ___sdcc_heap_free                  malloc

ASxxxx Linker V03.00 + NoICE + sdld,  page 17.
Hexadecimal  [32-Bits]

Area                                    Addr        Size        Decimal Bytes (Attributes)
--------------------------------        ----        ----        ------- ----- ------------
HOME                                00000000    00000019 =          25. bytes (REL,CON,CODE)

      Value  Global                              Global Defined In Module
      -----  --------------------------------   ------------------------
C:   00000016  __sdcc_program_startup             Radio

ASxxxx Linker V03.00 + NoICE + sdld,  page 18.
Hexadecimal  [32-Bits]

Area                                    Addr        Size        Decimal Bytes (Attributes)
--------------------------------        ----        ----        ------- ----- ------------
GSINIT0                             00000019    00000003 =           3. bytes (REL,CON,CODE)

      Value  Global                              Global Defined In Module
      -----  --------------------------------   ------------------------
C:   00000019  __sdcc_gsinit_startup              

ASxxxx Linker V03.00 + NoICE + sdld,  page 19.
Hexadecimal  [32-Bits]

Area                                    Addr        Size        Decimal Bytes (Attributes)
--------------------------------        ----        ----        ------- ----- ------------
GSINIT2                             0000001C    0000000A =          10. bytes (REL,CON,CODE)

      Value  Global                              Global Defined In Module
      -----  --------------------------------   ------------------------
ASxxxx Linker V03.00 + NoICE + sdld,  page 20.
Hexadecimal  [32-Bits]

Area                                    Addr        Size        Decimal Bytes (Attributes)
--------------------------------        ----        ----        ------- ----- ------------
GSINIT3                             00000026    00000022 =          34. bytes (REL,CON,CODE)

      Value  Global                              Global Defined In Module
      -----  --------------------------------   ------------------------
C:   00000026  __mcs51_genXINIT                   

ASxxxx Linker V03.00 + NoICE + sdld,  page 21.
Hexadecimal  [32-Bits]

Area                                    Addr        Size        Decimal Bytes (Attributes)
--------------------------------        ----        ----        ------- ----- ------------
GSINIT4                             00000048    0000002A =          42. bytes (REL,CON,CODE)

      Value  Global                              Global Defined In Module
      -----  --------------------------------   ------------------------
C:   00000048  __mcs51_genRAMCLEAR                
C:   0000004E  __mcs51_genXRAMCLEAR               

ASxxxx Linker V03.00 + NoICE + sdld,  page 22.
Hexadecimal  [32-Bits]

Area                                    Addr        Size        Decimal Bytes (Attributes)
--------------------------------        ----        ----        ------- ----- ------------
GSFINAL                             00000072    00000003 =           3. bytes (REL,CON,CODE)

      Value  Global                              Global Defined In Module
      -----  --------------------------------   ------------------------
ASxxxx Linker V03.00 + NoICE + sdld,  page 23.
Hexadecimal  [32-Bits]

Area                                    Addr        Size        Decimal Bytes (Attributes)
--------------------------------        ----        ----        ------- ----- ------------
CSEG                                00000075    00000D85 =        3461. bytes (REL,CON,CODE)

      Value  Global                              Global Defined In Module
      -----  --------------------------------   ------------------------
C:   00000075  _main                              Radio
C:   00000080  _initConfigRegisters               Radio
C:   000000FB  _initClock                         Radio
C:   00000107  _initRFStateMach                   Radio
C:   00000110  _construct_AX25_Packet             Radio
C:   000002C3  _decomm_AX25_Packet                Radio
C:   000003F2  _DMA_ISR_RX                        Radio
C:   0000041D  _DMA_ISR_TX                        Radio
C:   00000465  _uartStartRxDmaChan                dma
C:   0000066C  _uartStartTxDmaChan                dma
C:   000008A2  _uartMapPort                       uart
C:   000008EF  _uartInitBitrate                   uart
C:   0000090E  _uartInitProtocol                  uart
C:   00000B14  _free                              free
C:   00000C14  _memcpy                            _memcpy
C:   00000C69  __gptrput                          _gptrput
C:   00000C84  ___sdcc_heap_init                  malloc
C:   00000CB5  _malloc                            malloc
C:   00000DDA  __gptrget                          _gptrget
C:   00000DF6  __sdcc_external_startup            _startup

ASxxxx Linker V03.00 + NoICE + sdld,  page 24.
Hexadecimal  [32-Bits]

Area                                    Addr        Size        Decimal Bytes (Attributes)
--------------------------------        ----        ----        ------- ----- ------------
CONST                               00000DFA    00000002 =           2. bytes (REL,CON,CODE)

      Value  Global                              Global Defined In Module
      -----  --------------------------------   ------------------------
C:   00000DFA  ___sdcc_heap_size                  _heap

ASxxxx Linker V03.00 + NoICE + sdld,  page 25.

Files Linked                              [ module(s) ]

Radio.rel                                 [  ]
_heap.rel                                 [  ]
dma.rel                                   [  ]
uart.rel                                  [  ]


Libraries Linked                          [ object file ]

C:\Program Files (x86)\SDCC\bin\..\lib\small/libsdcc.lib
                                          [ free.rel ]
C:\Program Files (x86)\SDCC\bin\..\lib\small/mcs51.lib
                                          [ crtclear.rel ]
C:\Program Files (x86)\SDCC\bin\..\lib\small/libsdcc.lib
                                          [ _memcpy.rel ]
C:\Program Files (x86)\SDCC\bin\..\lib\small/mcs51.lib
                                          [ crtxinit.rel ]
C:\Program Files (x86)\SDCC\bin\..\lib\small/libsdcc.lib
                                          [ _gptrput.rel ]
C:\Program Files (x86)\SDCC\bin\..\lib\small/libsdcc.lib
                                          [ malloc.rel ]
C:\Program Files (x86)\SDCC\bin\..\lib\small/mcs51.lib
                                          [ crtxclear.rel ]
C:\Program Files (x86)\SDCC\bin\..\lib\small/mcs51.lib
                                          [ crtstart.rel ]
C:\Program Files (x86)\SDCC\bin\..\lib\small/libsdcc.lib
                                          [ _gptrget.rel ]
C:\Program Files (x86)\SDCC\bin\..\lib\small/libsdcc.lib
                                          [ _startup.rel ]

ASxxxx Linker V03.00 + NoICE + sdld,  page 26.

User Base Address Definitions

HOME = 0x0000
XSEG = 0x0001
PSEG = 0x0001
ISEG = 0x0000
BSEG = 0x0000

